WARNING: A restricted method in java.lang.System has been called
WARNING: java.lang.System::load has been called by net.rubygrapefruit.platform.internal.NativeLibraryLoader in an unnamed module (file:/Users/iyonghwa/.gradle/wrapper/dists/gradle-8.13-bin/5xuhj0ry160q40clulazy9h7d/gradle-8.13/lib/native-platform-0.22-milestone-28.jar)
WARNING: Use --enable-native-access=ALL-UNNAMED to avoid a warning for callers in this module
WARNING: Restricted methods will be blocked in a future release unless native access is enabled

Initialized native services in: /Users/iyonghwa/.gradle/native
Initialized jansi services in: /Users/iyonghwa/.gradle/native
Found daemon DaemonInfo{pid=3560, address=[6aafb393-9ff5-4fe9-a842-ad3722f0e690 port:50022, addresses:[/127.0.0.1]], state=Idle, lastBusy=1786252179714, context=DefaultDaemonContext[uid=047b7c23-aed7-4058-9461-62e21687d206,javaHome=/Library/Java/JavaVirtualMachines/jdk-21.jdk/Contents/Home,javaVersion=21,javaVendor=Oracle Corporation,daemonRegistryDir=/Users/iyonghwa/.gradle/daemon,pid=3560,idleTimeout=10800000,priority=NORMAL,applyInstrumentationAgent=true,nativeServicesMode=ENABLED,daemonOpts=-XX:MaxMetaspaceSize=384m,-XX:+HeapDumpOnOutOfMemoryError,-Xms256m,-Xmx512m,-Dfile.encoding=UTF-8,-Duser.country=KR,-Duser.language=ko,-Duser.variant]} however its context does not match the desired criteria.
JVM is incompatible.
Wanted: DaemonRequestContext{jvmCriteria=/Users/iyonghwa/Library/Java/JavaVirtualMachines/azul-25.0.3/Contents/Home (no JDK specified, using current Java home), daemonOpts=[-XX:MaxMetaspaceSize=384m, -XX:+HeapDumpOnOutOfMemoryError, -Xms256m, -Xmx512m, -Dfile.encoding=UTF-8, -Duser.country=KR, -Duser.language=ko, -Duser.variant], applyInstrumentationAgent=true, nativeServicesMode=ENABLED, priority=NORMAL}
Actual: DefaultDaemonContext[uid=047b7c23-aed7-4058-9461-62e21687d206,javaHome=/Library/Java/JavaVirtualMachines/jdk-21.jdk/Contents/Home,javaVersion=21,javaVendor=Oracle Corporation,daemonRegistryDir=/Users/iyonghwa/.gradle/daemon,pid=3560,idleTimeout=10800000,priority=NORMAL,applyInstrumentationAgent=true,nativeServicesMode=ENABLED,daemonOpts=-XX:MaxMetaspaceSize=384m,-XX:+HeapDumpOnOutOfMemoryError,-Xms256m,-Xmx512m,-Dfile.encoding=UTF-8,-Duser.country=KR,-Duser.language=ko,-Duser.variant]

  Looking for a different daemon...
The client will now receive all logging from the daemon (pid: 6225). The daemon log file: /Users/iyonghwa/.gradle/daemon/8.13/daemon-6225.out.log
Starting 3rd build in daemon [uptime: 19.296 secs, performance: 99%, GC rate: 0.00/s, heap usage: 4% of 512 MiB, non-heap usage: 13% of 384 MiB]
Using 12 worker leases.
Now considering [/Users/iyonghwa/handmade-cache] as hierarchies to watch
Watching the file system is configured to be enabled if available
File system watching is active
Starting Build
Caching disabled for Kotlin DSL script compilation (Settings/TopLevel/stage1) because:
  Build cache is disabled

FAILURE: Build failed with an exception.

* What went wrong:
25.0.3

* Try:
> Run with --stacktrace option to get the stack trace.
> Run with --debug option to get more log output.
> Run with --scan to get full insights.
> Get more help at https://help.gradle.org.

BUILD FAILED in 290ms
Watched directory hierarchies: []
